/home/phuongdinh1411/ARU-Net/test/106.png
/home/phuongdinh1411/ARU-Net/test/107.png
/home/phuongdinh1411/ARU-Net/test/108.png
/home/phuongdinh1411/ARU-Net/test/109.png
/home/phuongdinh1411/ARU-Net/test/110.png
/home/phuongdinh1411/ARU-Net/test/111.png
/home/phuongdinh1411/ARU-Net/test/112.png
/home/phuongdinh1411/ARU-Net/test/113.png
/home/phuongdinh1411/ARU-Net/test/114.png
/home/phuongdinh1411/ARU-Net/test/115.png
/home/phuongdinh1411/ARU-Net/test/116.png
/home/phuongdinh1411/ARU-Net/test/117.png
/home/phuongdinh1411/ARU-Net/test/118.png
/home/phuongdinh1411/ARU-Net/test/119.png
/home/phuongdinh1411/ARU-Net/test/120.png
/home/phuongdinh1411/ARU-Net/test/121.png
/home/phuongdinh1411/ARU-Net/test/122.png
/home/phuongdinh1411/ARU-Net/test/123.png
/home/phuongdinh1411/ARU-Net/test/124.png
/home/phuongdinh1411/ARU-Net/test/125.png
/home/phuongdinh1411/ARU-Net/test/126.png
/home/phuongdinh1411/ARU-Net/test/127.png
/home/phuongdinh1411/ARU-Net/test/128.png
/home/phuongdinh1411/ARU-Net/test/129.png
/home/phuongdinh1411/ARU-Net/test/130.png
/home/phuongdinh1411/ARU-Net/test/131.png
/home/phuongdinh1411/ARU-Net/test/132.png
/home/phuongdinh1411/ARU-Net/test/133.png
/home/phuongdinh1411/ARU-Net/test/134.png
/home/phuongdinh1411/ARU-Net/test/135.png
/home/phuongdinh1411/ARU-Net/test/136.png
/home/phuongdinh1411/ARU-Net/test/137.png
/home/phuongdinh1411/ARU-Net/test/138.png
/home/phuongdinh1411/ARU-Net/test/139.png
/home/phuongdinh1411/ARU-Net/test/140.png